
Memory Configuration

Name             Origin             Length             Attributes
flash            0x08000000         0x00020000         xr
sram             0x20000000         0x00005000         xrw
*default*        0x00000000         0xffffffff

Linker script and memory map


.text           0x08000000      0x128
 *(.vectors*)
 .vectors       0x08000000       0x1c Release/startup.o
                0x08000000                Vec_Table
 *(.text)
 .text          0x0800001c       0x7c Release/main.o
                0x0800001c                main
 .text          0x08000098       0x90 Release/startup.o
                0x08000098                Mem_Manage_Handler
                0x08000098                Bus_Fault_Handler
                0x08000098                Hard_Fault_Handler
                0x08000098                Default_Handler
                0x08000098                Usage_Fault_Handler
                0x08000098                NMI_Handler
                0x080000a4                Reset_Handler
 *(.rodata)
                0x08000128                _E_text = .

.glue_7         0x08000128        0x0
 .glue_7        0x08000128        0x0 linker stubs

.glue_7t        0x08000128        0x0
 .glue_7t       0x08000128        0x0 linker stubs

.vfp11_veneer   0x08000128        0x0
 .vfp11_veneer  0x08000128        0x0 linker stubs

.v4_bx          0x08000128        0x0
 .v4_bx         0x08000128        0x0 linker stubs

.iplt           0x08000128        0x0
 .iplt          0x08000128        0x0 Release/main.o

.rel.dyn        0x08000128        0x0
 .rel.iplt      0x08000128        0x0 Release/main.o

.data           0x20000000        0x4 load address 0x08000128
                0x20000000                _S_DATA = .
 *(.data)
 .data          0x20000000        0x4 Release/main.o
                0x20000000                GPIOC_ODR
 .data          0x20000004        0x0 Release/startup.o
                0x20000004                . = ALIGN (0x4)
                0x20000004                _E_DATA = .

.igot.plt       0x20000004        0x0 load address 0x0800012c
 .igot.plt      0x20000004        0x0 Release/main.o

.bss            0x20000004     0x1000 load address 0x0800012c
                0x20000004                _S_bss = .
 *(.bss*)
 .bss           0x20000004        0x0 Release/main.o
 .bss           0x20000004        0x0 Release/startup.o
                0x20000004                _E_bss = .
                0x20000004                . = ALIGN (0x4)
                0x20001004                . = (. + 0x1000)
 *fill*         0x20000004     0x1000 
                0x20001004                Stack_Top = .
LOAD Release/main.o
LOAD Release/startup.o
OUTPUT(Release/Lab2.elf elf32-littlearm)
LOAD linker stubs

.comment        0x00000000       0x49
 .comment       0x00000000       0x49 Release/main.o
                                 0x4a (size before relaxing)
 .comment       0x00000049       0x4a Release/startup.o

.ARM.attributes
                0x00000000       0x2d
 .ARM.attributes
                0x00000000       0x2d Release/main.o
 .ARM.attributes
                0x0000002d       0x2d Release/startup.o
