
Memory Configuration

Name             Origin             Length             Attributes
flash            0x08000000         0x00020000         xr
sram             0x20000000         0x00005000         xrw
*default*        0x00000000         0xffffffff

Linker script and memory map


.text           0x08000000      0x328
 *(.vectors*)
 .vectors       0x08000000       0x1c Release/startup.o
                0x08000000                Vec_Table
 *(.text)
 .text          0x0800001c       0x84 Release/Alarm.o
                0x0800001c                ST_Alarm_Off
                0x0800004c                ST_Alarm_On
                0x08000074                ST_Alarm_Waiting
 .text          0x080000a0       0x78 Release/Algorithm.o
                0x080000a0                ST_Algorithm_High_Pressure
                0x080000cc                ST_Algorithm_Low_Pressure
                0x080000f8                High_Pressure_Detection
 .text          0x08000118       0x22 Release/Delay.o
                0x08000118                Delay
 *fill*         0x0800013a        0x2 
 .text          0x0800013c       0xa4 Release/GPIO.o
                0x0800013c                GPIO_Init
                0x0800018c                GPIO_Set_Alarm_Actuator
                0x080001c8                GPIO_Get_Pressure_Val
 .text          0x080001e0       0x90 Release/Pressure_Sensor.o
                0x080001e0                ST_PS_Init
                0x08000204                ST_PS_Reading
                0x08000234                ST_PS_Waiting
                0x0800025c                Get_Pressure_Val
 .text          0x08000270       0x28 Release/main.o
                0x08000270                main
 .text          0x08000298       0x90 Release/startup.o
                0x08000298                Mem_Manage_Handler
                0x08000298                Bus_Fault_Handler
                0x08000298                Hard_Fault_Handler
                0x08000298                Default_Handler
                0x08000298                Usage_Fault_Handler
                0x08000298                NMI_Handler
                0x080002a4                Reset_Handler
 *(.rodata)
                0x08000328                _E_text = .

.glue_7         0x08000328        0x0
 .glue_7        0x08000328        0x0 linker stubs

.glue_7t        0x08000328        0x0
 .glue_7t       0x08000328        0x0 linker stubs

.vfp11_veneer   0x08000328        0x0
 .vfp11_veneer  0x08000328        0x0 linker stubs

.v4_bx          0x08000328        0x0
 .v4_bx         0x08000328        0x0 linker stubs

.iplt           0x08000328        0x0
 .iplt          0x08000328        0x0 Release/Alarm.o

.rel.dyn        0x08000328        0x0
 .rel.iplt      0x08000328        0x0 Release/Alarm.o

.data           0x20000000        0xc load address 0x08000328
                0x20000000                _S_DATA = .
 *(.data)
 .data          0x20000000        0x0 Release/Alarm.o
 .data          0x20000000        0x0 Release/Algorithm.o
 .data          0x20000000        0x0 Release/Delay.o
 .data          0x20000000        0x0 Release/GPIO.o
 .data          0x20000000        0x0 Release/Pressure_Sensor.o
 .data          0x20000000        0xc Release/main.o
                0x20000000                PS_State
                0x20000004                Alarm_State
                0x20000008                Algorithm_State
 .data          0x2000000c        0x0 Release/startup.o
 *(.data.*)
                0x2000000c                . = ALIGN (0x4)
                0x2000000c                _E_DATA = .

.igot.plt       0x2000000c        0x0 load address 0x08000334
 .igot.plt      0x2000000c        0x0 Release/Alarm.o

.bss            0x2000000c     0x240c load address 0x08000334
                0x2000000c                _S_bss = .
 *(.bss*)
 .bss           0x2000000c        0x1 Release/Alarm.o
                0x2000000c                Alarm_Current_State
 .bss           0x2000000d        0x1 Release/Algorithm.o
                0x2000000d                Alegorithm_Current_State
 .bss           0x2000000e        0x0 Release/Delay.o
 .bss           0x2000000e        0x0 Release/GPIO.o
 *fill*         0x2000000e        0x2 
 .bss           0x20000010        0x5 Release/Pressure_Sensor.o
                0x20000014                PS_Current_State
 .bss           0x20000015        0x0 Release/main.o
 *fill*         0x20000015        0x3 
 .bss           0x20000018      0x400 Release/startup.o
                0x20000418                _E_Bss = .
                0x20000418                . = ALIGN (0x4)
                0x20001418                . = (. + 0x1000)
 *fill*         0x20000418     0x1000 
                0x20001418                _Heap_End = .
                0x20001418                . = ALIGN (0x4)
                0x20002418                . = (. + 0x1000)
 *fill*         0x20001418     0x1000 
                0x20002418                _Stack_Top = .
LOAD Release/Alarm.o
LOAD Release/Algorithm.o
LOAD Release/Delay.o
LOAD Release/GPIO.o
LOAD Release/Pressure_Sensor.o
LOAD Release/main.o
LOAD Release/startup.o
OUTPUT(Release/FinalProject1.elf elf32-littlearm)
LOAD linker stubs

.debug_info     0x00000000      0x5e8
 .debug_info    0x00000000       0xca Release/Alarm.o
 .debug_info    0x000000ca       0xcf Release/Algorithm.o
 .debug_info    0x00000199       0x58 Release/Delay.o
 .debug_info    0x000001f1       0x86 Release/GPIO.o
 .debug_info    0x00000277       0xfd Release/Pressure_Sensor.o
 .debug_info    0x00000374       0xf5 Release/main.o
 .debug_info    0x00000469      0x17f Release/startup.o

.debug_abbrev   0x00000000      0x458
 .debug_abbrev  0x00000000       0x9d Release/Alarm.o
 .debug_abbrev  0x0000009d       0xb7 Release/Algorithm.o
 .debug_abbrev  0x00000154       0x4c Release/Delay.o
 .debug_abbrev  0x000001a0       0x7e Release/GPIO.o
 .debug_abbrev  0x0000021e       0xe0 Release/Pressure_Sensor.o
 .debug_abbrev  0x000002fe       0x7b Release/main.o
 .debug_abbrev  0x00000379       0xdf Release/startup.o

.debug_loc      0x00000000      0x3e8
 .debug_loc     0x00000000       0x84 Release/Alarm.o
 .debug_loc     0x00000084       0x9c Release/Algorithm.o
 .debug_loc     0x00000120       0x5c Release/Delay.o
 .debug_loc     0x0000017c       0xe4 Release/GPIO.o
 .debug_loc     0x00000260       0xe0 Release/Pressure_Sensor.o
 .debug_loc     0x00000340       0x2c Release/main.o
 .debug_loc     0x0000036c       0x7c Release/startup.o

.debug_aranges  0x00000000       0xe0
 .debug_aranges
                0x00000000       0x20 Release/Alarm.o
 .debug_aranges
                0x00000020       0x20 Release/Algorithm.o
 .debug_aranges
                0x00000040       0x20 Release/Delay.o
 .debug_aranges
                0x00000060       0x20 Release/GPIO.o
 .debug_aranges
                0x00000080       0x20 Release/Pressure_Sensor.o
 .debug_aranges
                0x000000a0       0x20 Release/main.o
 .debug_aranges
                0x000000c0       0x20 Release/startup.o

.debug_line     0x00000000      0x376
 .debug_line    0x00000000       0x77 Release/Alarm.o
 .debug_line    0x00000077       0x79 Release/Algorithm.o
 .debug_line    0x000000f0       0x4f Release/Delay.o
 .debug_line    0x0000013f       0x63 Release/GPIO.o
 .debug_line    0x000001a2       0x8c Release/Pressure_Sensor.o
 .debug_line    0x0000022e       0x89 Release/main.o
 .debug_line    0x000002b7       0xbf Release/startup.o

.debug_str      0x00000000      0x372
 .debug_str     0x00000000      0x122 Release/Alarm.o
                                0x143 (size before relaxing)
 .debug_str     0x00000122       0x97 Release/Algorithm.o
                                0x192 (size before relaxing)
 .debug_str     0x000001b9       0x19 Release/Delay.o
                                 0xca (size before relaxing)
 .debug_str     0x000001d2       0x43 Release/GPIO.o
                                 0xf4 (size before relaxing)
 .debug_str     0x00000215       0x73 Release/Pressure_Sensor.o
                                0x16e (size before relaxing)
 .debug_str     0x00000288       0x65 Release/main.o
                                0x167 (size before relaxing)
 .debug_str     0x000002ed       0x85 Release/startup.o
                                0x163 (size before relaxing)

.comment        0x00000000       0x49
 .comment       0x00000000       0x49 Release/Alarm.o
                                 0x4a (size before relaxing)
 .comment       0x00000049       0x4a Release/Algorithm.o
 .comment       0x00000049       0x4a Release/Delay.o
 .comment       0x00000049       0x4a Release/GPIO.o
 .comment       0x00000049       0x4a Release/Pressure_Sensor.o
 .comment       0x00000049       0x4a Release/main.o
 .comment       0x00000049       0x4a Release/startup.o

.ARM.attributes
                0x00000000       0x2d
 .ARM.attributes
                0x00000000       0x2d Release/Alarm.o
 .ARM.attributes
                0x0000002d       0x2d Release/Algorithm.o
 .ARM.attributes
                0x0000005a       0x2d Release/Delay.o
 .ARM.attributes
                0x00000087       0x2d Release/GPIO.o
 .ARM.attributes
                0x000000b4       0x2d Release/Pressure_Sensor.o
 .ARM.attributes
                0x000000e1       0x2d Release/main.o
 .ARM.attributes
                0x0000010e       0x2d Release/startup.o

.debug_frame    0x00000000      0x280
 .debug_frame   0x00000000       0x64 Release/Alarm.o
 .debug_frame   0x00000064       0x68 Release/Algorithm.o
 .debug_frame   0x000000cc       0x38 Release/Delay.o
 .debug_frame   0x00000104       0x78 Release/GPIO.o
 .debug_frame   0x0000017c       0x88 Release/Pressure_Sensor.o
 .debug_frame   0x00000204       0x2c Release/main.o
 .debug_frame   0x00000230       0x50 Release/startup.o
