
Memory Configuration

Name             Origin             Length             Attributes
flash            0x00000000         0x20000000         xr
sram             0x20000000         0x20000000         xrw
*default*        0x00000000         0xffffffff

Linker script and memory map


.text           0x00000000      0x1b0
 *(.vectors*)
 .vectors       0x00000000       0x1c Release/startup.o
                0x00000000                Vec_Table
 *(.text)
 .text          0x0000001c      0x104 Release/main.o
                0x0000001c                _sbrk
                0x00000078                main
 .text          0x00000120       0x90 Release/startup.o
                0x00000120                Mem_Manage_Handler
                0x00000120                Bus_Fault_Handler
                0x00000120                Hard_Fault_Handler
                0x00000120                Default_Handler
                0x00000120                Usage_Fault_Handler
                0x00000120                NMI_Handler
                0x0000012c                Reset_Handler
 *(.rodata)
                0x000001b0                _E_text = .

.glue_7         0x000001b0        0x0
 .glue_7        0x000001b0        0x0 linker stubs

.glue_7t        0x000001b0        0x0
 .glue_7t       0x000001b0        0x0 linker stubs

.vfp11_veneer   0x000001b0        0x0
 .vfp11_veneer  0x000001b0        0x0 linker stubs

.v4_bx          0x000001b0        0x0
 .v4_bx         0x000001b0        0x0 linker stubs

.iplt           0x000001b0        0x0
 .iplt          0x000001b0        0x0 Release/main.o

.rel.dyn        0x000001b0        0x0
 .rel.iplt      0x000001b0        0x0 Release/main.o

.data           0x20000000        0x0 load address 0x000001b0
                0x20000000                _S_DATA = .
 *(.data)
 .data          0x20000000        0x0 Release/main.o
 .data          0x20000000        0x0 Release/startup.o
 *(.data.*)
                0x20000000                . = ALIGN (0x4)
                0x20000000                _E_DATA = .

.igot.plt       0x20000000        0x0 load address 0x000001b0
 .igot.plt      0x20000000        0x0 Release/main.o

.bss            0x20000000     0x240c load address 0x000001b0
                0x20000000                _S_bss = .
 *(.bss*)
 .bss           0x20000000        0xc Release/main.o
                0x20000000                ticks
 .bss           0x2000000c      0x400 Release/startup.o
                0x2000040c                _E_Bss = .
                0x2000040c                . = ALIGN (0x4)
                0x2000140c                . = (. + 0x1000)
 *fill*         0x2000040c     0x1000 
                0x2000140c                _Heap_End = .
                0x2000140c                . = ALIGN (0x4)
                0x2000240c                . = (. + 0x1000)
 *fill*         0x2000140c     0x1000 
                0x2000240c                _Stack_Top = .
LOAD Release/main.o
LOAD Release/startup.o
OUTPUT(Release/Malloc_Implemetaion_Lab.elf elf32-littlearm)
LOAD linker stubs

.debug_info     0x00000000      0x28d
 .debug_info    0x00000000      0x121 Release/main.o
 .debug_info    0x00000121      0x16c Release/startup.o

.debug_abbrev   0x00000000      0x199
 .debug_abbrev  0x00000000       0xba Release/main.o
 .debug_abbrev  0x000000ba       0xdf Release/startup.o

.debug_aranges  0x00000000       0x40
 .debug_aranges
                0x00000000       0x20 Release/main.o
 .debug_aranges
                0x00000020       0x20 Release/startup.o

.debug_line     0x00000000      0x17c
 .debug_line    0x00000000       0xbd Release/main.o
 .debug_line    0x000000bd       0xbf Release/startup.o

.debug_str      0x00000000      0x1c8
 .debug_str     0x00000000      0x14a Release/main.o
                                0x193 (size before relaxing)
 .debug_str     0x0000014a       0x7e Release/startup.o
                                0x14f (size before relaxing)

.comment        0x00000000       0x49
 .comment       0x00000000       0x49 Release/main.o
                                 0x4a (size before relaxing)
 .comment       0x00000049       0x4a Release/startup.o

.ARM.attributes
                0x00000000       0x2e
 .ARM.attributes
                0x00000000       0x2e Release/main.o
 .ARM.attributes
                0x0000002e       0x2e Release/startup.o

.debug_frame    0x00000000       0xa0
 .debug_frame   0x00000000       0x50 Release/main.o
 .debug_frame   0x00000050       0x50 Release/startup.o
