
Memory Configuration

Name             Origin             Length             Attributes
flash            0x00000000         0x20000000         xr
sram             0x20000000         0x20000000         xrw
*default*        0x00000000         0xffffffff

Linker script and memory map


.text           0x00000000      0x154
 *(.vectors*)
 .vectors       0x00000000       0x1c Release/startup.o
                0x00000000                Vec_Table
 *(.text)
 .text          0x0000001c       0xa8 Release/main.o
                0x0000001c                main
 .text          0x000000c4       0x90 Release/startup.o
                0x000000c4                Mem_Manage_Handler
                0x000000c4                Bus_Fault_Handler
                0x000000c4                Hard_Fault_Handler
                0x000000c4                Default_Handler
                0x000000c4                Usage_Fault_Handler
                0x000000c4                NMI_Handler
                0x000000d0                Reset_Handler
 *(.rodata)
                0x00000154                _E_text = .

.glue_7         0x00000154        0x0
 .glue_7        0x00000154        0x0 linker stubs

.glue_7t        0x00000154        0x0
 .glue_7t       0x00000154        0x0 linker stubs

.vfp11_veneer   0x00000154        0x0
 .vfp11_veneer  0x00000154        0x0 linker stubs

.v4_bx          0x00000154        0x0
 .v4_bx         0x00000154        0x0 linker stubs

.iplt           0x00000154        0x0
 .iplt          0x00000154        0x0 Release/main.o

.rel.dyn        0x00000154        0x0
 .rel.iplt      0x00000154        0x0 Release/main.o

.data           0x20000000        0x0 load address 0x00000154
                0x20000000                _S_DATA = .
 *(.data)
 .data          0x20000000        0x0 Release/main.o
 .data          0x20000000        0x0 Release/startup.o
                0x20000000                . = ALIGN (0x4)
                0x20000000                _E_DATA = .

.igot.plt       0x20000000        0x0 load address 0x00000154
 .igot.plt      0x20000000        0x0 Release/main.o

.bss            0x20000000      0x404 load address 0x00000154
                0x20000000                _S_bss = .
 *(.bss*)
 .bss           0x20000000        0x4 Release/main.o
                0x20000000                ticks
 .bss           0x20000004      0x400 Release/startup.o
                0x20000404                _E_bss = .
                0x20000404                . = ALIGN (0x4)
LOAD Release/main.o
LOAD Release/startup.o
OUTPUT(Release/TIVA_CORTEX_M4_LAB.elf elf32-littlearm)
LOAD linker stubs

.debug_info     0x00000000      0x215
 .debug_info    0x00000000       0xa9 Release/main.o
 .debug_info    0x000000a9      0x16c Release/startup.o

.debug_abbrev   0x00000000      0x138
 .debug_abbrev  0x00000000       0x59 Release/main.o
 .debug_abbrev  0x00000059       0xdf Release/startup.o

.debug_aranges  0x00000000       0x40
 .debug_aranges
                0x00000000       0x20 Release/main.o
 .debug_aranges
                0x00000020       0x20 Release/startup.o

.debug_line     0x00000000      0x15f
 .debug_line    0x00000000       0xa0 Release/main.o
 .debug_line    0x000000a0       0xbf Release/startup.o

.debug_str      0x00000000      0x1a1
 .debug_str     0x00000000      0x11c Release/main.o
                                0x14c (size before relaxing)
 .debug_str     0x0000011c       0x85 Release/startup.o
                                0x155 (size before relaxing)

.comment        0x00000000       0x49
 .comment       0x00000000       0x49 Release/main.o
                                 0x4a (size before relaxing)
 .comment       0x00000049       0x4a Release/startup.o

.ARM.attributes
                0x00000000       0x2e
 .ARM.attributes
                0x00000000       0x2e Release/main.o
 .ARM.attributes
                0x0000002e       0x2e Release/startup.o

.debug_frame    0x00000000       0x78
 .debug_frame   0x00000000       0x28 Release/main.o
 .debug_frame   0x00000028       0x50 Release/startup.o
